{"error":{},"level":"error","message":"Failed to bootstrap application","timestamp":"2026-03-14T07:02:33.033Z"}
{"error":{},"level":"error","message":"Failed to bootstrap application","timestamp":"2026-03-14T07:03:12.309Z"}
{"error":{},"level":"error","message":"Failed to bootstrap application","timestamp":"2026-03-14T07:07:52.074Z"}
{"error":{},"level":"error","message":"Failed to bootstrap application","timestamp":"2026-03-14T07:26:21.176Z"}
{"level":"warn","message":"Redis not available, continuing without Redis in development Connection is closed.","timestamp":"2026-03-14T07:30:56.820Z"}
{"level":"info","message":"Server listening on port 4000","timestamp":"2026-03-14T07:30:56.850Z"}
{"level":"info","message":"Graceful shutdown started","timestamp":"2026-03-14T07:32:35.767Z"}
{"level":"info","message":"HTTP server closed","timestamp":"2026-03-14T07:32:35.790Z"}
{"level":"warn","message":"Redis not available, continuing without Redis in development Connection is closed.","timestamp":"2026-03-14T07:36:36.289Z"}
{"level":"info","message":"Server listening on port 4000","timestamp":"2026-03-14T07:36:36.318Z"}
{"level":"warn","message":"Redis not available, continuing without Redis in development Connection is closed.","timestamp":"2026-03-14T07:46:06.450Z"}
{"level":"info","message":"Server listening on port 4000","timestamp":"2026-03-14T07:46:06.482Z"}
{"level":"info","message":"Server listening on port 4000","timestamp":"2026-03-14T07:51:52.595Z"}
{"level":"info","message":"Graceful shutdown started","timestamp":"2026-03-14T07:53:24.536Z"}
{"level":"info","message":"HTTP server closed","timestamp":"2026-03-14T07:53:24.555Z"}
{"level":"info","message":"Server listening on port 4000","timestamp":"2026-03-14T07:53:38.030Z"}
{"level":"info","message":"Graceful shutdown started","timestamp":"2026-03-14T08:07:50.905Z"}
{"level":"info","message":"HTTP server closed","timestamp":"2026-03-14T08:07:50.941Z"}
{"level":"info","message":"Graceful shutdown started","timestamp":"2026-03-14T09:07:02.228Z"}
{"level":"info","message":"HTTP server closed","timestamp":"2026-03-14T09:07:02.302Z"}
{"level":"info","message":"Server listening on port 4000","timestamp":"2026-03-14T09:07:13.218Z"}
{"level":"info","message":"Graceful shutdown started","timestamp":"2026-03-14T09:14:43.110Z"}
{"level":"info","message":"HTTP server closed","timestamp":"2026-03-14T09:14:43.163Z"}
{"level":"info","message":"Server listening on port 4000","timestamp":"2026-03-14T09:14:53.000Z"}
{"err":{},"level":"error","message":"Unhandled error","timestamp":"2026-03-14T09:17:02.747Z"}
{"err":{},"level":"error","message":"Unhandled error","timestamp":"2026-03-14T09:17:03.773Z"}
{"err":{},"level":"error","message":"Unhandled error","timestamp":"2026-03-14T09:17:05.785Z"}
{"err":{},"level":"error","message":"Unhandled error","timestamp":"2026-03-14T09:17:13.368Z"}
{"err":{},"level":"error","message":"Unhandled error","timestamp":"2026-03-14T09:17:14.390Z"}
{"err":{},"level":"error","message":"Unhandled error","timestamp":"2026-03-14T09:17:21.687Z"}
{"err":{},"level":"error","message":"Unhandled error","timestamp":"2026-03-14T09:17:22.696Z"}
{"err":{},"level":"error","message":"Unhandled error","timestamp":"2026-03-14T09:17:24.701Z"}
{"err":{},"level":"error","message":"Unhandled error","timestamp":"2026-03-14T09:17:26.091Z"}
{"err":{},"level":"error","message":"Unhandled error","timestamp":"2026-03-14T09:17:27.113Z"}
{"err":{},"level":"error","message":"Unhandled error","timestamp":"2026-03-14T09:17:27.698Z"}
{"err":{},"level":"error","message":"Unhandled error","timestamp":"2026-03-14T09:17:28.705Z"}
{"err":{},"level":"error","message":"Unhandled error","timestamp":"2026-03-14T09:17:30.719Z"}
{"err":{},"level":"error","message":"Unhandled error","timestamp":"2026-03-14T09:17:37.058Z"}
{"err":{},"level":"error","message":"Unhandled error","timestamp":"2026-03-14T09:17:38.068Z"}
{"err":{},"level":"error","message":"Unhandled error","timestamp":"2026-03-14T09:17:40.123Z"}
{"err":{},"level":"error","message":"Unhandled error","timestamp":"2026-03-14T09:17:41.135Z"}
{"err":{},"level":"error","message":"Unhandled error","timestamp":"2026-03-14T09:17:41.570Z"}
{"err":{},"level":"error","message":"Unhandled error","timestamp":"2026-03-14T09:17:44.336Z"}
{"err":{},"level":"error","message":"Unhandled error","timestamp":"2026-03-14T09:17:45.350Z"}
{"err":{},"level":"error","message":"Unhandled error","timestamp":"2026-03-14T09:17:45.933Z"}
{"err":{},"level":"error","message":"Unhandled error","timestamp":"2026-03-14T09:17:46.899Z"}
{"err":{},"level":"error","message":"Unhandled error","timestamp":"2026-03-14T09:17:47.924Z"}
{"err":{},"level":"error","message":"Unhandled error","timestamp":"2026-03-14T09:17:48.225Z"}
{"err":{},"level":"error","message":"Unhandled error","timestamp":"2026-03-14T09:17:49.239Z"}
{"err":{},"level":"error","message":"Unhandled error","timestamp":"2026-03-14T09:17:51.251Z"}
{"err":{},"level":"error","message":"Unhandled error","timestamp":"2026-03-14T09:21:22.922Z"}
{"err":{},"level":"error","message":"Unhandled error","timestamp":"2026-03-14T09:21:23.930Z"}
{"err":{},"level":"error","message":"Unhandled error","timestamp":"2026-03-14T09:21:25.935Z"}
{"err":{},"level":"error","message":"Unhandled error","timestamp":"2026-03-14T09:21:26.703Z"}
{"err":{},"level":"error","message":"Unhandled error","timestamp":"2026-03-14T09:21:27.727Z"}
{"err":{},"level":"error","message":"Unhandled error","timestamp":"2026-03-14T09:21:28.028Z"}
{"err":{},"level":"error","message":"Unhandled error","timestamp":"2026-03-14T09:21:29.044Z"}
{"err":{},"level":"error","message":"Unhandled error","timestamp":"2026-03-14T09:21:31.040Z"}
{"err":{},"level":"error","message":"Unhandled error","timestamp":"2026-03-14T09:21:32.051Z"}
{"err":{},"level":"error","message":"Unhandled error","timestamp":"2026-03-14T09:21:32.207Z"}
{"err":{},"level":"error","message":"Unhandled error","timestamp":"2026-03-14T09:21:33.221Z"}
{"err":{},"level":"error","message":"Unhandled error","timestamp":"2026-03-14T09:21:35.230Z"}
{"err":{},"level":"error","message":"Unhandled error","timestamp":"2026-03-14T09:21:35.687Z"}
{"err":{},"level":"error","message":"Unhandled error","timestamp":"2026-03-14T09:21:36.494Z"}
{"err":{},"level":"error","message":"Unhandled error","timestamp":"2026-03-14T09:21:37.509Z"}
{"err":{},"level":"error","message":"Unhandled error","timestamp":"2026-03-14T09:21:39.518Z"}
{"err":{},"level":"error","message":"Unhandled error","timestamp":"2026-03-14T09:21:45.364Z"}
{"err":{},"level":"error","message":"Unhandled error","timestamp":"2026-03-14T09:21:46.380Z"}
{"err":{},"level":"error","message":"Unhandled error","timestamp":"2026-03-14T09:21:47.101Z"}
{"err":{},"level":"error","message":"Unhandled error","timestamp":"2026-03-14T09:21:48.131Z"}
{"err":{},"level":"error","message":"Unhandled error","timestamp":"2026-03-14T09:21:48.378Z"}
{"err":{},"level":"error","message":"Unhandled error","timestamp":"2026-03-14T09:21:49.394Z"}
{"err":{},"level":"error","message":"Unhandled error","timestamp":"2026-03-14T09:21:51.400Z"}
{"err":{},"level":"error","message":"Unhandled error","timestamp":"2026-03-14T09:21:53.167Z"}
{"err":{},"level":"error","message":"Unhandled error","timestamp":"2026-03-14T09:21:54.176Z"}
{"err":{},"level":"error","message":"Unhandled error","timestamp":"2026-03-14T09:21:54.604Z"}
{"err":{},"level":"error","message":"Unhandled error","timestamp":"2026-03-14T09:21:55.626Z"}
{"err":{},"level":"error","message":"Unhandled error","timestamp":"2026-03-14T09:21:56.189Z"}
{"err":{},"level":"error","message":"Unhandled error","timestamp":"2026-03-14T09:21:59.267Z"}
{"err":{},"level":"error","message":"Unhandled error","timestamp":"2026-03-14T09:22:00.274Z"}
{"err":{},"level":"error","message":"Unhandled error","timestamp":"2026-03-14T09:22:01.264Z"}
{"err":{},"level":"error","message":"Unhandled error","timestamp":"2026-03-14T09:22:02.288Z"}
{"err":{},"level":"error","message":"Unhandled error","timestamp":"2026-03-14T09:22:03.173Z"}
{"err":{},"level":"error","message":"Unhandled error","timestamp":"2026-03-14T09:22:04.180Z"}
{"err":{},"level":"error","message":"Unhandled error","timestamp":"2026-03-14T09:22:08.959Z"}
{"err":{},"level":"error","message":"Unhandled error","timestamp":"2026-03-14T09:22:09.969Z"}
{"err":{},"level":"error","message":"Unhandled error","timestamp":"2026-03-14T09:22:11.925Z"}
{"err":{},"level":"error","message":"Unhandled error","timestamp":"2026-03-14T09:22:12.946Z"}
{"err":{},"level":"error","message":"Unhandled error","timestamp":"2026-03-14T09:22:27.864Z"}
{"err":{},"level":"error","message":"Unhandled error","timestamp":"2026-03-14T09:22:33.452Z"}
{"err":{},"level":"error","message":"Unhandled error","timestamp":"2026-03-14T09:22:34.494Z"}
{"err":{},"level":"error","message":"Unhandled error","timestamp":"2026-03-14T09:22:37.962Z"}
{"err":{},"level":"error","message":"Unhandled error","timestamp":"2026-03-14T09:23:02.807Z"}
{"err":{},"level":"error","message":"Unhandled error","timestamp":"2026-03-14T09:23:03.834Z"}
{"err":{},"level":"error","message":"Unhandled error","timestamp":"2026-03-14T09:23:05.850Z"}
{"err":{},"level":"error","message":"Unhandled error","timestamp":"2026-03-14T09:26:33.829Z"}
{"err":{},"level":"error","message":"Unhandled error","timestamp":"2026-03-14T09:30:56.882Z"}
{"err":{},"level":"error","message":"Unhandled error","timestamp":"2026-03-14T09:30:58.896Z"}
{"err":{},"level":"error","message":"Unhandled error","timestamp":"2026-03-14T09:31:27.906Z"}
{"err":{},"level":"error","message":"Unhandled error","timestamp":"2026-03-14T09:31:28.925Z"}
{"err":{},"level":"error","message":"Unhandled error","timestamp":"2026-03-14T09:31:30.936Z"}
{"err":{},"level":"error","message":"Unhandled error","timestamp":"2026-03-14T09:31:36.868Z"}
{"err":{},"level":"error","message":"Unhandled error","timestamp":"2026-03-14T09:31:37.899Z"}
{"err":{},"level":"error","message":"Unhandled error","timestamp":"2026-03-14T09:31:39.907Z"}
{"level":"info","message":"Server listening on port 4000","timestamp":"2026-03-14T09:34:40.633Z"}
{"err":{},"level":"error","message":"Unhandled error","timestamp":"2026-03-14T09:41:30.111Z"}
{"err":{},"level":"error","message":"Unhandled error","timestamp":"2026-03-14T09:41:32.439Z"}
{"err":{},"level":"error","message":"Unhandled error","timestamp":"2026-03-14T09:41:34.276Z"}
{"err":{},"level":"error","message":"Unhandled error","timestamp":"2026-03-14T09:41:35.289Z"}
{"err":{},"level":"error","message":"Unhandled error","timestamp":"2026-03-14T09:41:35.604Z"}
{"err":{},"level":"error","message":"Unhandled error","timestamp":"2026-03-14T09:41:36.617Z"}
{"level":"info","message":"Graceful shutdown started","timestamp":"2026-03-14T09:41:46.899Z"}
{"level":"info","message":"HTTP server closed","timestamp":"2026-03-14T09:41:46.928Z"}
{"level":"info","message":"Server listening on port 4000","timestamp":"2026-03-14T09:41:54.541Z"}
{"err":{},"level":"error","message":"Unhandled error","timestamp":"2026-03-14T09:42:35.067Z"}
{"err":{},"level":"error","message":"Unhandled error","timestamp":"2026-03-14T09:42:36.079Z"}
{"err":{},"level":"error","message":"Unhandled error","timestamp":"2026-03-14T09:42:38.092Z"}
{"err":{},"level":"error","message":"Unhandled error","timestamp":"2026-03-14T09:42:38.593Z"}
{"err":{},"level":"error","message":"Unhandled error","timestamp":"2026-03-14T09:42:39.606Z"}
{"err":{},"level":"error","message":"Unhandled error","timestamp":"2026-03-14T09:42:41.619Z"}
{"err":{},"level":"error","message":"Unhandled error","timestamp":"2026-03-14T09:43:38.728Z"}
{"err":{},"level":"error","message":"Unhandled error","timestamp":"2026-03-14T09:43:39.744Z"}
{"err":{},"level":"error","message":"Unhandled error","timestamp":"2026-03-14T09:43:41.323Z"}
{"err":{},"level":"error","message":"Unhandled error","timestamp":"2026-03-14T09:43:42.340Z"}
{"err":{},"level":"error","message":"Unhandled error","timestamp":"2026-03-14T09:43:44.350Z"}
{"err":{},"level":"error","message":"Unhandled error","timestamp":"2026-03-14T09:43:54.947Z"}
{"err":{},"level":"error","message":"Unhandled error","timestamp":"2026-03-14T09:43:55.977Z"}
{"err":{},"level":"error","message":"Unhandled error","timestamp":"2026-03-14T09:43:57.990Z"}
{"err":{},"level":"error","message":"Unhandled error","timestamp":"2026-03-14T09:43:59.261Z"}
{"err":{},"level":"error","message":"Unhandled error","timestamp":"2026-03-14T09:44:00.283Z"}
{"err":{},"level":"error","message":"Unhandled error","timestamp":"2026-03-14T09:44:02.301Z"}
{"err":{},"level":"error","message":"Unhandled error","timestamp":"2026-03-14T09:44:09.771Z"}
{"err":{},"level":"error","message":"Unhandled error","timestamp":"2026-03-14T09:44:10.795Z"}
{"err":{},"level":"error","message":"Unhandled error","timestamp":"2026-03-14T09:44:12.807Z"}
{"err":{},"level":"error","message":"Unhandled error","timestamp":"2026-03-14T09:44:30.820Z"}
{"err":{},"level":"error","message":"Unhandled error","timestamp":"2026-03-14T09:44:31.842Z"}
{"err":{},"level":"error","message":"Unhandled error","timestamp":"2026-03-14T09:44:33.853Z"}
{"err":{},"level":"error","message":"Unhandled error","timestamp":"2026-03-14T09:44:35.335Z"}
{"err":{},"level":"error","message":"Unhandled error","timestamp":"2026-03-14T09:44:36.358Z"}
{"err":{},"level":"error","message":"Unhandled error","timestamp":"2026-03-14T09:44:38.371Z"}
{"err":{},"level":"error","message":"Unhandled error","timestamp":"2026-03-14T09:44:38.575Z"}
{"err":{},"level":"error","message":"Unhandled error","timestamp":"2026-03-14T09:44:39.586Z"}
{"err":{},"level":"error","message":"Unhandled error","timestamp":"2026-03-14T09:44:41.593Z"}
{"err":{},"level":"error","message":"Unhandled error","timestamp":"2026-03-14T09:45:07.588Z"}
{"err":{},"level":"error","message":"Unhandled error","timestamp":"2026-03-14T09:45:08.621Z"}
{"err":{},"level":"error","message":"Unhandled error","timestamp":"2026-03-14T09:45:10.632Z"}
{"err":{},"level":"error","message":"Unhandled error","timestamp":"2026-03-14T09:47:02.545Z"}
{"err":{},"level":"error","message":"Unhandled error","timestamp":"2026-03-14T09:47:02.594Z"}
{"err":{},"level":"error","message":"Unhandled error","timestamp":"2026-03-14T09:47:02.599Z"}
{"err":{},"level":"error","message":"Unhandled error","timestamp":"2026-03-14T09:47:02.604Z"}
{"err":{},"level":"error","message":"Unhandled error","timestamp":"2026-03-14T09:47:02.609Z"}
{"err":{},"level":"error","message":"Unhandled error","timestamp":"2026-03-14T09:48:29.807Z"}
{"err":{},"level":"error","message":"Unhandled error","timestamp":"2026-03-14T09:48:30.875Z"}
{"err":{},"level":"error","message":"Unhandled error","timestamp":"2026-03-14T09:48:43.514Z"}
{"err":{},"level":"error","message":"Unhandled error","timestamp":"2026-03-14T09:48:43.520Z"}
{"err":{},"level":"error","message":"Unhandled error","timestamp":"2026-03-14T09:51:09.433Z"}
{"err":{},"level":"error","message":"Unhandled error","timestamp":"2026-03-14T09:51:09.443Z"}
{"err":{},"level":"error","message":"Unhandled error","timestamp":"2026-03-14T09:51:09.448Z"}
{"err":{},"level":"error","message":"Unhandled error","timestamp":"2026-03-14T09:51:09.454Z"}
{"err":{},"level":"error","message":"Unhandled error","timestamp":"2026-03-14T09:51:09.461Z"}
{"level":"info","message":"Server listening on port 4000","timestamp":"2026-03-14T09:51:47.789Z"}
{"level":"error","message":"Prisma validation error \nInvalid `prisma.product.findMany()` invocation in\nC:\\Users\\Admin\\OneDrive\\Desktop\\odoo\\project\\backend\\src\\services\\product.service.ts:49:22\n\n  46 \n  47 const [total, products] = await Promise.all([\n  48   prisma.product.count({ where }),\n→ 49   prisma.product.findMany({\n         where: {},\n         include: {\n           category: {\n             select: {\n               id: true,\n               name: true\n             }\n           },\n           stockLevels: {\n             where: undefined,\n             include: {\n               location: {\n                 select: {\n                   id: true,\n                   name: true,\n                   warehouseId: true\n                 }\n               }\n             }\n           }\n         },\n         orderBy: {\n           undefined: undefined\n         },\n         skip: 0,\n         take: \"20\"\n               ~~~~\n       })\n\nArgument `take`: Invalid value provided. Expected Int, provided String.","method":"GET","path":"/api/v1/products?page=1&limit=20","stack":"PrismaClientValidationError: \nInvalid `prisma.product.findMany()` invocation in\nC:\\Users\\Admin\\OneDrive\\Desktop\\odoo\\project\\backend\\src\\services\\product.service.ts:49:22\n\n  46 \n  47 const [total, products] = await Promise.all([\n  48   prisma.product.count({ where }),\n→ 49   prisma.product.findMany({\n         where: {},\n         include: {\n           category: {\n             select: {\n               id: true,\n               name: true\n             }\n           },\n           stockLevels: {\n             where: undefined,\n             include: {\n               location: {\n                 select: {\n                   id: true,\n                   name: true,\n                   warehouseId: true\n                 }\n               }\n             }\n           }\n         },\n         orderBy: {\n           undefined: undefined\n         },\n         skip: 0,\n         take: \"20\"\n               ~~~~\n       })\n\nArgument `take`: Invalid value provided. Expected Int, provided String.\n    at wn (C:\\Users\\Admin\\OneDrive\\Desktop\\odoo\\project\\backend\\node_modules\\@prisma\\client\\runtime\\library.js:29:1363)\n    at $n.handleRequestError (C:\\Users\\Admin\\OneDrive\\Desktop\\odoo\\project\\backend\\node_modules\\@prisma\\client\\runtime\\library.js:121:6958)\n    at $n.handleAndLogRequestError (C:\\Users\\Admin\\OneDrive\\Desktop\\odoo\\project\\backend\\node_modules\\@prisma\\client\\runtime\\library.js:121:6623)\n    at $n.request (C:\\Users\\Admin\\OneDrive\\Desktop\\odoo\\project\\backend\\node_modules\\@prisma\\client\\runtime\\library.js:121:6307)\n    at async l (C:\\Users\\Admin\\OneDrive\\Desktop\\odoo\\project\\backend\\node_modules\\@prisma\\client\\runtime\\library.js:130:9633)\n    at async Promise.all (index 1)\n    at async Object.list (C:\\Users\\Admin\\OneDrive\\Desktop\\odoo\\project\\backend\\src\\services\\product.service.ts:47:31)\n    at async list (C:\\Users\\Admin\\OneDrive\\Desktop\\odoo\\project\\backend\\src\\controllers\\product.controller.ts:7:20)","timestamp":"2026-03-14T09:52:23.627Z"}
{"level":"error","message":"Prisma validation error \nInvalid `prisma.operation.findMany()` invocation in\nC:\\Users\\Admin\\OneDrive\\Desktop\\odoo\\project\\backend\\src\\services\\operation.service.ts:155:24\n\n  152 \n  153 const [total, rows] = await Promise.all([\n  154   prisma.operation.count({ where }),\n→ 155   prisma.operation.findMany({\n          where: {\n            type: \"RECEIPT\"\n          },\n          include: {\n            warehouse: {\n              select: {\n                id: true,\n                name: true\n              }\n            },\n            createdBy: {\n              select: {\n                id: true,\n                name: true\n              }\n            },\n            _count: {\n              select: {\n                lines: true\n              }\n            }\n          },\n          orderBy: {\n            undefined: undefined\n          },\n          skip: 0,\n          take: \"20\"\n                ~~~~\n        })\n\nArgument `take`: Invalid value provided. Expected Int, provided String.","method":"GET","path":"/api/v1/operations?type=RECEIPT&page=1&limit=20","stack":"PrismaClientValidationError: \nInvalid `prisma.operation.findMany()` invocation in\nC:\\Users\\Admin\\OneDrive\\Desktop\\odoo\\project\\backend\\src\\services\\operation.service.ts:155:24\n\n  152 \n  153 const [total, rows] = await Promise.all([\n  154   prisma.operation.count({ where }),\n→ 155   prisma.operation.findMany({\n          where: {\n            type: \"RECEIPT\"\n          },\n          include: {\n            warehouse: {\n              select: {\n                id: true,\n                name: true\n              }\n            },\n            createdBy: {\n              select: {\n                id: true,\n                name: true\n              }\n            },\n            _count: {\n              select: {\n                lines: true\n              }\n            }\n          },\n          orderBy: {\n            undefined: undefined\n          },\n          skip: 0,\n          take: \"20\"\n                ~~~~\n        })\n\nArgument `take`: Invalid value provided. Expected Int, provided String.\n    at wn (C:\\Users\\Admin\\OneDrive\\Desktop\\odoo\\project\\backend\\node_modules\\@prisma\\client\\runtime\\library.js:29:1363)\n    at $n.handleRequestError (C:\\Users\\Admin\\OneDrive\\Desktop\\odoo\\project\\backend\\node_modules\\@prisma\\client\\runtime\\library.js:121:6958)\n    at $n.handleAndLogRequestError (C:\\Users\\Admin\\OneDrive\\Desktop\\odoo\\project\\backend\\node_modules\\@prisma\\client\\runtime\\library.js:121:6623)\n    at $n.request (C:\\Users\\Admin\\OneDrive\\Desktop\\odoo\\project\\backend\\node_modules\\@prisma\\client\\runtime\\library.js:121:6307)\n    at async l (C:\\Users\\Admin\\OneDrive\\Desktop\\odoo\\project\\backend\\node_modules\\@prisma\\client\\runtime\\library.js:130:9633)\n    at async Promise.all (index 1)\n    at async Object.list (C:\\Users\\Admin\\OneDrive\\Desktop\\odoo\\project\\backend\\src\\services\\operation.service.ts:153:27)\n    at async list (C:\\Users\\Admin\\OneDrive\\Desktop\\odoo\\project\\backend\\src\\controllers\\operation.controller.ts:7:20)","timestamp":"2026-03-14T09:52:23.721Z"}
{"level":"error","message":"Prisma validation error \nInvalid `prisma.operation.findMany()` invocation in\nC:\\Users\\Admin\\OneDrive\\Desktop\\odoo\\project\\backend\\src\\services\\operation.service.ts:155:24\n\n  152 \n  153 const [total, rows] = await Promise.all([\n  154   prisma.operation.count({ where }),\n→ 155   prisma.operation.findMany({\n          where: {\n            type: \"DELIVERY\"\n          },\n          include: {\n            warehouse: {\n              select: {\n                id: true,\n                name: true\n              }\n            },\n            createdBy: {\n              select: {\n                id: true,\n                name: true\n              }\n            },\n            _count: {\n              select: {\n                lines: true\n              }\n            }\n          },\n          orderBy: {\n            undefined: undefined\n          },\n          skip: 0,\n          take: \"20\"\n                ~~~~\n        })\n\nArgument `take`: Invalid value provided. Expected Int, provided String.","method":"GET","path":"/api/v1/operations?type=DELIVERY&page=1&limit=20","stack":"PrismaClientValidationError: \nInvalid `prisma.operation.findMany()` invocation in\nC:\\Users\\Admin\\OneDrive\\Desktop\\odoo\\project\\backend\\src\\services\\operation.service.ts:155:24\n\n  152 \n  153 const [total, rows] = await Promise.all([\n  154   prisma.operation.count({ where }),\n→ 155   prisma.operation.findMany({\n          where: {\n            type: \"DELIVERY\"\n          },\n          include: {\n            warehouse: {\n              select: {\n                id: true,\n                name: true\n              }\n            },\n            createdBy: {\n              select: {\n                id: true,\n                name: true\n              }\n            },\n            _count: {\n              select: {\n                lines: true\n              }\n            }\n          },\n          orderBy: {\n            undefined: undefined\n          },\n          skip: 0,\n          take: \"20\"\n                ~~~~\n        })\n\nArgument `take`: Invalid value provided. Expected Int, provided String.\n    at wn (C:\\Users\\Admin\\OneDrive\\Desktop\\odoo\\project\\backend\\node_modules\\@prisma\\client\\runtime\\library.js:29:1363)\n    at $n.handleRequestError (C:\\Users\\Admin\\OneDrive\\Desktop\\odoo\\project\\backend\\node_modules\\@prisma\\client\\runtime\\library.js:121:6958)\n    at $n.handleAndLogRequestError (C:\\Users\\Admin\\OneDrive\\Desktop\\odoo\\project\\backend\\node_modules\\@prisma\\client\\runtime\\library.js:121:6623)\n    at $n.request (C:\\Users\\Admin\\OneDrive\\Desktop\\odoo\\project\\backend\\node_modules\\@prisma\\client\\runtime\\library.js:121:6307)\n    at async l (C:\\Users\\Admin\\OneDrive\\Desktop\\odoo\\project\\backend\\node_modules\\@prisma\\client\\runtime\\library.js:130:9633)\n    at async Promise.all (index 1)\n    at async Object.list (C:\\Users\\Admin\\OneDrive\\Desktop\\odoo\\project\\backend\\src\\services\\operation.service.ts:153:27)\n    at async list (C:\\Users\\Admin\\OneDrive\\Desktop\\odoo\\project\\backend\\src\\controllers\\operation.controller.ts:7:20)","timestamp":"2026-03-14T09:52:23.734Z"}
{"level":"error","message":"Prisma validation error \nInvalid `prisma.operation.findMany()` invocation in\nC:\\Users\\Admin\\OneDrive\\Desktop\\odoo\\project\\backend\\src\\services\\operation.service.ts:155:24\n\n  152 \n  153 const [total, rows] = await Promise.all([\n  154   prisma.operation.count({ where }),\n→ 155   prisma.operation.findMany({\n          where: {\n            type: \"TRANSFER\"\n          },\n          include: {\n            warehouse: {\n              select: {\n                id: true,\n                name: true\n              }\n            },\n            createdBy: {\n              select: {\n                id: true,\n                name: true\n              }\n            },\n            _count: {\n              select: {\n                lines: true\n              }\n            }\n          },\n          orderBy: {\n            undefined: undefined\n          },\n          skip: 0,\n          take: \"20\"\n                ~~~~\n        })\n\nArgument `take`: Invalid value provided. Expected Int, provided String.","method":"GET","path":"/api/v1/operations?type=TRANSFER&page=1&limit=20","stack":"PrismaClientValidationError: \nInvalid `prisma.operation.findMany()` invocation in\nC:\\Users\\Admin\\OneDrive\\Desktop\\odoo\\project\\backend\\src\\services\\operation.service.ts:155:24\n\n  152 \n  153 const [total, rows] = await Promise.all([\n  154   prisma.operation.count({ where }),\n→ 155   prisma.operation.findMany({\n          where: {\n            type: \"TRANSFER\"\n          },\n          include: {\n            warehouse: {\n              select: {\n                id: true,\n                name: true\n              }\n            },\n            createdBy: {\n              select: {\n                id: true,\n                name: true\n              }\n            },\n            _count: {\n              select: {\n                lines: true\n              }\n            }\n          },\n          orderBy: {\n            undefined: undefined\n          },\n          skip: 0,\n          take: \"20\"\n                ~~~~\n        })\n\nArgument `take`: Invalid value provided. Expected Int, provided String.\n    at wn (C:\\Users\\Admin\\OneDrive\\Desktop\\odoo\\project\\backend\\node_modules\\@prisma\\client\\runtime\\library.js:29:1363)\n    at $n.handleRequestError (C:\\Users\\Admin\\OneDrive\\Desktop\\odoo\\project\\backend\\node_modules\\@prisma\\client\\runtime\\library.js:121:6958)\n    at $n.handleAndLogRequestError (C:\\Users\\Admin\\OneDrive\\Desktop\\odoo\\project\\backend\\node_modules\\@prisma\\client\\runtime\\library.js:121:6623)\n    at $n.request (C:\\Users\\Admin\\OneDrive\\Desktop\\odoo\\project\\backend\\node_modules\\@prisma\\client\\runtime\\library.js:121:6307)\n    at async l (C:\\Users\\Admin\\OneDrive\\Desktop\\odoo\\project\\backend\\node_modules\\@prisma\\client\\runtime\\library.js:130:9633)\n    at async Promise.all (index 1)\n    at async Object.list (C:\\Users\\Admin\\OneDrive\\Desktop\\odoo\\project\\backend\\src\\services\\operation.service.ts:153:27)\n    at async list (C:\\Users\\Admin\\OneDrive\\Desktop\\odoo\\project\\backend\\src\\controllers\\operation.controller.ts:7:20)","timestamp":"2026-03-14T09:52:23.745Z"}
{"level":"error","message":"Prisma validation error \nInvalid `prisma.operation.findMany()` invocation in\nC:\\Users\\Admin\\OneDrive\\Desktop\\odoo\\project\\backend\\src\\services\\operation.service.ts:155:24\n\n  152 \n  153 const [total, rows] = await Promise.all([\n  154   prisma.operation.count({ where }),\n→ 155   prisma.operation.findMany({\n          where: {\n            type: \"ADJUSTMENT\"\n          },\n          include: {\n            warehouse: {\n              select: {\n                id: true,\n                name: true\n              }\n            },\n            createdBy: {\n              select: {\n                id: true,\n                name: true\n              }\n            },\n            _count: {\n              select: {\n                lines: true\n              }\n            }\n          },\n          orderBy: {\n            undefined: undefined\n          },\n          skip: 0,\n          take: \"20\"\n                ~~~~\n        })\n\nArgument `take`: Invalid value provided. Expected Int, provided String.","method":"GET","path":"/api/v1/operations?type=ADJUSTMENT&page=1&limit=20","stack":"PrismaClientValidationError: \nInvalid `prisma.operation.findMany()` invocation in\nC:\\Users\\Admin\\OneDrive\\Desktop\\odoo\\project\\backend\\src\\services\\operation.service.ts:155:24\n\n  152 \n  153 const [total, rows] = await Promise.all([\n  154   prisma.operation.count({ where }),\n→ 155   prisma.operation.findMany({\n          where: {\n            type: \"ADJUSTMENT\"\n          },\n          include: {\n            warehouse: {\n              select: {\n                id: true,\n                name: true\n              }\n            },\n            createdBy: {\n              select: {\n                id: true,\n                name: true\n              }\n            },\n            _count: {\n              select: {\n                lines: true\n              }\n            }\n          },\n          orderBy: {\n            undefined: undefined\n          },\n          skip: 0,\n          take: \"20\"\n                ~~~~\n        })\n\nArgument `take`: Invalid value provided. Expected Int, provided String.\n    at wn (C:\\Users\\Admin\\OneDrive\\Desktop\\odoo\\project\\backend\\node_modules\\@prisma\\client\\runtime\\library.js:29:1363)\n    at $n.handleRequestError (C:\\Users\\Admin\\OneDrive\\Desktop\\odoo\\project\\backend\\node_modules\\@prisma\\client\\runtime\\library.js:121:6958)\n    at $n.handleAndLogRequestError (C:\\Users\\Admin\\OneDrive\\Desktop\\odoo\\project\\backend\\node_modules\\@prisma\\client\\runtime\\library.js:121:6623)\n    at $n.request (C:\\Users\\Admin\\OneDrive\\Desktop\\odoo\\project\\backend\\node_modules\\@prisma\\client\\runtime\\library.js:121:6307)\n    at async l (C:\\Users\\Admin\\OneDrive\\Desktop\\odoo\\project\\backend\\node_modules\\@prisma\\client\\runtime\\library.js:130:9633)\n    at async Promise.all (index 1)\n    at async Object.list (C:\\Users\\Admin\\OneDrive\\Desktop\\odoo\\project\\backend\\src\\services\\operation.service.ts:153:27)\n    at async list (C:\\Users\\Admin\\OneDrive\\Desktop\\odoo\\project\\backend\\src\\controllers\\operation.controller.ts:7:20)","timestamp":"2026-03-14T09:52:23.755Z"}
{"level":"info","message":"Server listening on port 4000","timestamp":"2026-03-14T09:53:20.918Z"}
{"level":"info","message":"Server listening on port 4000","timestamp":"2026-03-14T09:53:37.787Z"}
{"level":"info","message":"Server listening on port 4000","timestamp":"2026-03-14T09:53:51.382Z"}
{"level":"info","message":"Server listening on port 4000","timestamp":"2026-03-14T09:56:23.367Z"}
{"level":"info","message":"Server listening on port 4000","timestamp":"2026-03-14T09:56:31.741Z"}
{"level":"info","message":"Server listening on port 4000","timestamp":"2026-03-14T10:42:46.544Z"}
{"level":"info","message":"Server listening on port 4000","timestamp":"2026-03-14T10:43:06.077Z"}
{"level":"info","message":"Server listening on port 4000","timestamp":"2026-03-14T10:43:52.427Z"}
{"level":"info","message":"Server listening on port 4000","timestamp":"2026-03-14T10:47:55.478Z"}
{"level":"info","message":"Graceful shutdown started","timestamp":"2026-03-14T10:47:59.660Z"}
{"level":"info","message":"HTTP server closed","timestamp":"2026-03-14T10:47:59.743Z"}
{"level":"info","message":"Server listening on port 4000","timestamp":"2026-03-14T10:48:14.838Z"}
{"level":"info","message":"Graceful shutdown started","timestamp":"2026-03-14T10:52:17.427Z"}
{"level":"info","message":"HTTP server closed","timestamp":"2026-03-14T10:52:17.506Z"}
{"level":"info","message":"Server listening on port 4000","timestamp":"2026-03-14T10:52:26.952Z"}
{"level":"info","message":"Server listening on port 4000","timestamp":"2026-03-14T10:55:52.035Z"}
{"level":"info","message":"Server listening on port 4000","timestamp":"2026-03-14T10:57:00.754Z"}
{"level":"info","message":"Graceful shutdown started","timestamp":"2026-03-14T10:57:07.485Z"}
{"level":"info","message":"HTTP server closed","timestamp":"2026-03-14T10:57:07.530Z"}
{"level":"info","message":"Server listening on port 4000","timestamp":"2026-03-14T10:57:22.405Z"}
{"level":"info","message":"Graceful shutdown started","timestamp":"2026-03-14T11:01:07.675Z"}
{"level":"info","message":"HTTP server closed","timestamp":"2026-03-14T11:01:07.718Z"}
{"level":"info","message":"Server listening on port 4000","timestamp":"2026-03-14T11:01:17.179Z"}
{"context":"signup","email":"mannprajapati0284@gmail.com","error":"Resend API failed (403): {\"statusCode\":403,\"name\":\"validation_error\",\"message\":\"You can only send testing emails to your own email address (prajapativivek93165@gmail.com). To send emails to other recipients, please verify a domain at resend.com/domains, and change the `from` address to an email using this domain.\"}","level":"warn","message":"Resend delivery failed; falling back to SMTP if configured","timestamp":"2026-03-14T11:02:13.159Z"}
{"err":{"message":"Invalid login: 535-5.7.8 Username and Password not accepted. For more information, go to\n535 5.7.8  https://support.google.com/mail/?p=BadCredentials 98e67ed59e1d1-35a03034401sm10872674a91.16 - gsmtp","name":"Error","stack":"Error: Invalid login: 535-5.7.8 Username and Password not accepted. For more information, go to\n535 5.7.8  https://support.google.com/mail/?p=BadCredentials 98e67ed59e1d1-35a03034401sm10872674a91.16 - gsmtp\n    at SMTPConnection._formatError (C:\\Users\\Admin\\OneDrive\\Desktop\\odoo\\project\\backend\\node_modules\\nodemailer\\lib\\smtp-connection\\index.js:912:19)\n    at SMTPConnection._actionAUTHComplete (C:\\Users\\Admin\\OneDrive\\Desktop\\odoo\\project\\backend\\node_modules\\nodemailer\\lib\\smtp-connection\\index.js:1722:34)\n    at SMTPConnection.<anonymous> (C:\\Users\\Admin\\OneDrive\\Desktop\\odoo\\project\\backend\\node_modules\\nodemailer\\lib\\smtp-connection\\index.js:651:26)\n    at SMTPConnection._processResponse (C:\\Users\\Admin\\OneDrive\\Desktop\\odoo\\project\\backend\\node_modules\\nodemailer\\lib\\smtp-connection\\index.js:1098:20)\n    at SMTPConnection._onData (C:\\Users\\Admin\\OneDrive\\Desktop\\odoo\\project\\backend\\node_modules\\nodemailer\\lib\\smtp-connection\\index.js:872:14)\n    at SMTPConnection._onSocketData (C:\\Users\\Admin\\OneDrive\\Desktop\\odoo\\project\\backend\\node_modules\\nodemailer\\lib\\smtp-connection\\index.js:196:44)\n    at TLSSocket.emit (node:events:518:28)\n    at addChunk (node:internal/streams/readable:561:12)\n    at readableAddChunkPushByteMode (node:internal/streams/readable:512:3)\n    at Readable.push (node:internal/streams/readable:392:5)"},"level":"error","message":"Unhandled error","method":"POST","path":"/api/v1/auth/signup","timestamp":"2026-03-14T11:02:14.420Z"}
{"level":"info","message":"Server listening on port 4000","timestamp":"2026-03-14T11:04:20.377Z"}
{"context":"signup","email":"debug1773486275@example.com","error":"Resend API failed (403): {\"statusCode\":403,\"name\":\"validation_error\",\"message\":\"You can only send testing emails to your own email address (prajapativivek93165@gmail.com). To send emails to other recipients, please verify a domain at resend.com/domains, and change the `from` address to an email using this domain.\"}","level":"warn","message":"Resend delivery failed; falling back to SMTP if configured","timestamp":"2026-03-14T11:04:37.472Z"}
{"err":{"message":"Invalid login: 535-5.7.8 Username and Password not accepted. For more information, go to\n535 5.7.8  https://support.google.com/mail/?p=BadCredentials d2e1a72fcca58-82a07240f25sm8385334b3a.5 - gsmtp","name":"Error","stack":"Error: Invalid login: 535-5.7.8 Username and Password not accepted. For more information, go to\n535 5.7.8  https://support.google.com/mail/?p=BadCredentials d2e1a72fcca58-82a07240f25sm8385334b3a.5 - gsmtp\n    at SMTPConnection._formatError (C:\\Users\\Admin\\OneDrive\\Desktop\\odoo\\project\\backend\\node_modules\\nodemailer\\lib\\smtp-connection\\index.js:912:19)\n    at SMTPConnection._actionAUTHComplete (C:\\Users\\Admin\\OneDrive\\Desktop\\odoo\\project\\backend\\node_modules\\nodemailer\\lib\\smtp-connection\\index.js:1722:34)\n    at SMTPConnection.<anonymous> (C:\\Users\\Admin\\OneDrive\\Desktop\\odoo\\project\\backend\\node_modules\\nodemailer\\lib\\smtp-connection\\index.js:651:26)\n    at SMTPConnection._processResponse (C:\\Users\\Admin\\OneDrive\\Desktop\\odoo\\project\\backend\\node_modules\\nodemailer\\lib\\smtp-connection\\index.js:1098:20)\n    at SMTPConnection._onData (C:\\Users\\Admin\\OneDrive\\Desktop\\odoo\\project\\backend\\node_modules\\nodemailer\\lib\\smtp-connection\\index.js:872:14)\n    at SMTPConnection._onSocketData (C:\\Users\\Admin\\OneDrive\\Desktop\\odoo\\project\\backend\\node_modules\\nodemailer\\lib\\smtp-connection\\index.js:196:44)\n    at TLSSocket.emit (node:events:518:28)\n    at addChunk (node:internal/streams/readable:561:12)\n    at readableAddChunkPushByteMode (node:internal/streams/readable:512:3)\n    at Readable.push (node:internal/streams/readable:392:5)"},"level":"error","message":"Unhandled error","method":"POST","path":"/api/v1/auth/signup","timestamp":"2026-03-14T11:04:40.313Z"}
{"err":{"message":"Expected property name or '}' in JSON at position 1 (line 1 column 2)","name":"SyntaxError","stack":"SyntaxError: Expected property name or '}' in JSON at position 1 (line 1 column 2)\n    at JSON.parse (<anonymous>)\n    at parse (C:\\Users\\Admin\\OneDrive\\Desktop\\odoo\\project\\backend\\node_modules\\body-parser\\lib\\types\\json.js:72:19)\n    at C:\\Users\\Admin\\OneDrive\\Desktop\\odoo\\project\\backend\\node_modules\\body-parser\\lib\\read.js:162:18\n    at AsyncResource.runInAsyncScope (node:async_hooks:214:14)\n    at invokeCallback (C:\\Users\\Admin\\OneDrive\\Desktop\\odoo\\project\\backend\\node_modules\\raw-body\\index.js:238:16)\n    at done (C:\\Users\\Admin\\OneDrive\\Desktop\\odoo\\project\\backend\\node_modules\\raw-body\\index.js:227:7)\n    at IncomingMessage.onEnd (C:\\Users\\Admin\\OneDrive\\Desktop\\odoo\\project\\backend\\node_modules\\raw-body\\index.js:287:7)\n    at IncomingMessage.emit (node:events:518:28)\n    at endReadableNT (node:internal/streams/readable:1698:12)\n    at process.processTicksAndRejections (node:internal/process/task_queues:90:21)"},"level":"error","message":"Unhandled error","method":"POST","path":"/api/v1/auth/signup","timestamp":"2026-03-14T11:06:31.384Z"}
{"level":"info","message":"Server listening on port 4000","timestamp":"2026-03-14T11:08:07.676Z"}
{"level":"info","message":"Server listening on port 4000","timestamp":"2026-03-14T11:08:07.677Z"}
{"err":{"message":"Expected property name or '}' in JSON at position 1 (line 1 column 2)","name":"SyntaxError","stack":"SyntaxError: Expected property name or '}' in JSON at position 1 (line 1 column 2)\n    at JSON.parse (<anonymous>)\n    at parse (C:\\Users\\Admin\\OneDrive\\Desktop\\odoo\\project\\backend\\node_modules\\body-parser\\lib\\types\\json.js:72:19)\n    at C:\\Users\\Admin\\OneDrive\\Desktop\\odoo\\project\\backend\\node_modules\\body-parser\\lib\\read.js:162:18\n    at AsyncResource.runInAsyncScope (node:async_hooks:214:14)\n    at invokeCallback (C:\\Users\\Admin\\OneDrive\\Desktop\\odoo\\project\\backend\\node_modules\\raw-body\\index.js:238:16)\n    at done (C:\\Users\\Admin\\OneDrive\\Desktop\\odoo\\project\\backend\\node_modules\\raw-body\\index.js:227:7)\n    at IncomingMessage.onEnd (C:\\Users\\Admin\\OneDrive\\Desktop\\odoo\\project\\backend\\node_modules\\raw-body\\index.js:287:7)\n    at IncomingMessage.emit (node:events:518:28)\n    at endReadableNT (node:internal/streams/readable:1698:12)\n    at process.processTicksAndRejections (node:internal/process/task_queues:90:21)"},"level":"error","message":"Unhandled error","method":"POST","path":"/api/v1/auth/signup","timestamp":"2026-03-14T11:08:55.383Z"}
{"level":"info","message":"Server listening on port 4000","timestamp":"2026-03-14T11:09:38.167Z"}
{"err":{"message":"Expected property name or '}' in JSON at position 1 (line 1 column 2)","name":"SyntaxError","stack":"SyntaxError: Expected property name or '}' in JSON at position 1 (line 1 column 2)\n    at JSON.parse (<anonymous>)\n    at parse (C:\\Users\\Admin\\OneDrive\\Desktop\\odoo\\project\\backend\\node_modules\\body-parser\\lib\\types\\json.js:72:19)\n    at C:\\Users\\Admin\\OneDrive\\Desktop\\odoo\\project\\backend\\node_modules\\body-parser\\lib\\read.js:162:18\n    at AsyncResource.runInAsyncScope (node:async_hooks:214:14)\n    at invokeCallback (C:\\Users\\Admin\\OneDrive\\Desktop\\odoo\\project\\backend\\node_modules\\raw-body\\index.js:238:16)\n    at done (C:\\Users\\Admin\\OneDrive\\Desktop\\odoo\\project\\backend\\node_modules\\raw-body\\index.js:227:7)\n    at IncomingMessage.onEnd (C:\\Users\\Admin\\OneDrive\\Desktop\\odoo\\project\\backend\\node_modules\\raw-body\\index.js:287:7)\n    at IncomingMessage.emit (node:events:518:28)\n    at endReadableNT (node:internal/streams/readable:1698:12)\n    at process.processTicksAndRejections (node:internal/process/task_queues:90:21)"},"level":"error","message":"Unhandled error","method":"POST","path":"/api/v1/auth/signup","timestamp":"2026-03-14T11:09:50.313Z"}
{"context":"signup","email":"debug1773486634@example.com","error":"Resend API failed (403): {\"statusCode\":403,\"name\":\"validation_error\",\"message\":\"You can only send testing emails to your own email address (prajapativivek93165@gmail.com). To send emails to other recipients, please verify a domain at resend.com/domains, and change the `from` address to an email using this domain.\"}","level":"warn","message":"Resend delivery failed; falling back to SMTP if configured","timestamp":"2026-03-14T11:10:36.134Z"}
{"context":"signup","email":"debug1773486654@example.com","error":"Resend API failed (403): {\"statusCode\":403,\"name\":\"validation_error\",\"message\":\"You can only send testing emails to your own email address (prajapativivek93165@gmail.com). To send emails to other recipients, please verify a domain at resend.com/domains, and change the `from` address to an email using this domain.\"}","level":"warn","message":"Resend delivery failed; falling back to SMTP if configured","timestamp":"2026-03-14T11:10:55.285Z"}
{"level":"info","message":"Server listening on port 4000","timestamp":"2026-03-14T11:11:30.177Z"}
{"level":"info","message":"Server listening on port 4000","timestamp":"2026-03-14T11:11:30.181Z"}
{"level":"info","message":"Server listening on port 4000","timestamp":"2026-03-14T11:11:30.188Z"}
{"level":"info","message":"Graceful shutdown started","timestamp":"2026-03-14T11:12:10.598Z"}
{"level":"info","message":"HTTP server closed","timestamp":"2026-03-14T11:12:10.674Z"}
{"level":"info","message":"Server listening on port 4000","timestamp":"2026-03-14T11:12:11.984Z"}
{"level":"info","message":"Server listening on port 4000","timestamp":"2026-03-14T11:12:11.999Z"}
{"level":"info","message":"Server listening on port 4000","timestamp":"2026-03-14T11:12:12.023Z"}
{"level":"info","message":"Server listening on port 4000","timestamp":"2026-03-14T11:12:21.259Z"}
{"context":"signup","email":"mannprajapati0284@gmail.com","error":"Resend API failed (403): {\"statusCode\":403,\"name\":\"validation_error\",\"message\":\"You can only send testing emails to your own email address (prajapativivek93165@gmail.com). To send emails to other recipients, please verify a domain at resend.com/domains, and change the `from` address to an email using this domain.\"}","level":"warn","message":"Resend delivery failed; falling back to SMTP if configured","timestamp":"2026-03-14T11:12:58.813Z"}
{"level":"info","message":"Server listening on port 4000","timestamp":"2026-03-14T11:31:34.388Z"}
